
**** Build of configuration Debug for project bootloader ****

make all 
Building file: ../src/main.c
Invoking: MicroBlaze gcc compiler
mb-gcc -Wall -O0 -g3 -c -fmessage-length=0 -I../../standalone_bsp_0/microblaze_0/include -mxl-pattern-compare -mcpu=v8.20.a -mno-xl-soft-mul -MMD -MP -MF"src/main.d" -MT"src/main.d" -o"src/main.o" "../src/main.c"
../src/main.c: In function 'main':
../src/main.c:57: warning: implicit declaration of function 'microblaze_disable_icache'
../src/main.c:60: warning: implicit declaration of function 'microblaze_disable_dcache'
../src/main.c:70: warning: implicit declaration of function 'print'
../src/main.c:75: warning: implicit declaration of function 'xil_printf'
../src/main.c:114: warning: null argument where non-null required (argument 1)
../src/main.c:53: warning: unused variable 'j'
../src/main.c:53: warning: unused variable 'i'
Finished building: ../src/main.c
' '
Building target: bootloader.elf
Invoking: MicroBlaze gcc linker
mb-gcc -Wl,-T -Wl,../src/lscript.ld -L../../standalone_bsp_0/microblaze_0/lib -mxl-pattern-compare -mcpu=v8.20.a -mno-xl-soft-mul -o"bootloader.elf"  ./src/main.o ./src/spi_flash.o   
Finished building target: bootloader.elf
' '
Invoking: MicroBlaze Print Size
mb-size bootloader.elf  |tee "bootloader.elf.size"
   text	   data	    bss	    dec	    hex	filename
   7110	    348	   2146	   9604	   2584	bootloader.elf
Finished building: bootloader.elf.size
' '
Invoking: Xilinx ELF Check
elfcheck bootloader.elf -hw ../../reference-TE0320-00-EDK-13-2_hw_platform/system.xml -pe microblaze_0  |tee "bootloader.elf.elfcheck"
elfcheck
Xilinx EDK 13.2 Build EDK_O.61xd
Copyright (c) 1995-2011 Xilinx, Inc.  All rights reserved.

Command Line: elfcheck -hw
../../reference-TE0320-00-EDK-13-2_hw_platform/system.xml -pe microblaze_0
bootloader.elf 

ELF file	: bootloader.elf
elfcheck passed.
Finished building: bootloader.elf.elfcheck
' '
