
**** Build of configuration Debug for project demo ****

make all 
Building file: ../src/control_fifo.c
Invoking: MicroBlaze gcc compiler
mb-gcc -Wall -O0 -g3 -c -fmessage-length=0 -I../../standalone_bsp_0/microblaze_0/include -mxl-pattern-compare -mcpu=v8.20.a -mno-xl-soft-mul -MMD -MP -MF"src/control_fifo.d" -MT"src/control_fifo.d" -o"src/control_fifo.o" "../src/control_fifo.c"
Finished building: ../src/control_fifo.c
' '
Building file: ../src/func.c
Invoking: MicroBlaze gcc compiler
mb-gcc -Wall -O0 -g3 -c -fmessage-length=0 -I../../standalone_bsp_0/microblaze_0/include -mxl-pattern-compare -mcpu=v8.20.a -mno-xl-soft-mul -MMD -MP -MF"src/func.d" -MT"src/func.d" -o"src/func.o" "../src/func.c"
Finished building: ../src/func.c
' '
Building file: ../src/interrupts.c
Invoking: MicroBlaze gcc compiler
mb-gcc -Wall -O0 -g3 -c -fmessage-length=0 -I../../standalone_bsp_0/microblaze_0/include -mxl-pattern-compare -mcpu=v8.20.a -mno-xl-soft-mul -MMD -MP -MF"src/interrupts.d" -MT"src/interrupts.d" -o"src/interrupts.o" "../src/interrupts.c"
In file included from ../src/Interrupts.h:8,
                 from ../src/interrupts.c:1:
../../standalone_bsp_0/microblaze_0/include/xps_npi_dma.h:227:1: warning: multi-line comment
../../standalone_bsp_0/microblaze_0/include/xps_npi_dma.h:229:1: warning: multi-line comment
../../standalone_bsp_0/microblaze_0/include/xps_npi_dma.h:231:1: warning: multi-line comment
../../standalone_bsp_0/microblaze_0/include/xps_npi_dma.h:233:1: warning: multi-line comment
../../standalone_bsp_0/microblaze_0/include/xps_npi_dma.h:235:1: warning: multi-line comment
../../standalone_bsp_0/microblaze_0/include/xps_npi_dma.h:237:1: warning: multi-line comment
Finished building: ../src/interrupts.c
../../standalone_bsp_0/microblaze_0/include/xps_npi_dma.h:240:1: warning: multi-line comment
../../standalone_bsp_0/microblaze_0/include/xps_npi_dma.h:242:1: warning: multi-line comment
../../standalone_bsp_0/microblaze_0/include/xps_npi_dma.h:244:1: warning: multi-line comment
' '
../../standalone_bsp_0/microblaze_0/include/xps_npi_dma.h:246:1: warning: multi-line comment
../../standalone_bsp_0/microblaze_0/include/xps_npi_dma.h:248:1: warning: multi-line comment
Building file: ../src/main.c
../../standalone_bsp_0/microblaze_0/include/xps_npi_dma.h:250:1: warning: multi-line comment
../src/interrupts.c: In function 'i2c_slave_int_handler':
../src/interrupts.c:68: warning: unused variable 'i'
../src/interrupts.c:67: warning: unused variable 'cmd'
../src/interrupts.c:67: warning: unused variable 'status'
Invoking: MicroBlaze gcc compiler
mb-gcc -Wall -O0 -g3 -c -fmessage-length=0 -I../../standalone_bsp_0/microblaze_0/include -mxl-pattern-compare -mcpu=v8.20.a -mno-xl-soft-mul -MMD -MP -MF"src/main.d" -MT"src/main.d" -o"src/main.o" "../src/main.c"
In file included from ../src/Interrupts.h:8,
                 from ../src/main.c:1:
../../standalone_bsp_0/microblaze_0/include/xps_npi_dma.h:227:1: warning: multi-line comment
../../standalone_bsp_0/microblaze_0/include/xps_npi_dma.h:229:1: warning: multi-line comment
../../standalone_bsp_0/microblaze_0/include/xps_npi_dma.h:231:1: warning: multi-line comment
../../standalone_bsp_0/microblaze_0/include/xps_npi_dma.h:233:1: warning: multi-line comment
../../standalone_bsp_0/microblaze_0/include/xps_npi_dma.h:235:1: warning: multi-line comment
../../standalone_bsp_0/microblaze_0/include/xps_npi_dma.h:237:1: warning: multi-line comment
../../standalone_bsp_0/microblaze_0/include/xps_npi_dma.h:240:1: warning: multi-line comment
../../standalone_bsp_0/microblaze_0/include/xps_npi_dma.h:242:1: warning: multi-line comment
Finished building: ../src/main.c
../../standalone_bsp_0/microblaze_0/include/xps_npi_dma.h:244:1: warning: multi-line comment
../../standalone_bsp_0/microblaze_0/include/xps_npi_dma.h:246:1: warning: multi-line comment
../../standalone_bsp_0/microblaze_0/include/xps_npi_dma.h:248:1: warning: multi-line comment
' '
../../standalone_bsp_0/microblaze_0/include/xps_npi_dma.h:250:1: warning: multi-line comment
../src/main.c: In function 'main':
../src/main.c:32: warning: unused variable 'data'
../src/main.c:31: warning: unused variable 'rx_count'
../src/main.c:30: warning: unused variable 'k'
../src/main.c:28: warning: unused variable 'i'
../src/main.c:27: warning: unused variable 'timeout'
Building target: demo.elf
../src/main.c:27: warning: unused variable 'char8'
../src/main.c:26: warning: unused variable 'fifo_mask'
../src/main.c:26: warning: unused variable 'fifo_trig'
Invoking: MicroBlaze gcc linker
mb-gcc -Wl,-T -Wl,../src/lscript.ld -L../../standalone_bsp_0/microblaze_0/lib -mxl-pattern-compare -mcpu=v8.20.a -mno-xl-soft-mul -o"demo.elf"  ./src/control_fifo.o ./src/func.o ./src/interrupts.o ./src/main.o   
Finished building target: demo.elf
' '
Invoking: MicroBlaze Print Size
mb-size demo.elf  |tee "demo.elf.size"
   text	   data	    bss	    dec	    hex	filename
  11734	    348	   2298	  14380	   382c	demo.elf
Finished building: demo.elf.size
' '
Invoking: Xilinx ELF Check
elfcheck demo.elf -hw ../../reference-TE0320-00-EDK-13-2_hw_platform/system.xml -pe microblaze_0  |tee "demo.elf.elfcheck"
elfcheck
Xilinx EDK 13.2 Build EDK_O.61xd
Copyright (c) 1995-2011 Xilinx, Inc.  All rights reserved.

Command Line: elfcheck -hw
../../reference-TE0320-00-EDK-13-2_hw_platform/system.xml -pe microblaze_0
demo.elf 

ELF file	: demo.elf
elfcheck passed.
Finished building: demo.elf.elfcheck
' '
