V3 3
FL C:/Projects/Trenz/FX2_vcom/vcom-TE0300/src/top.vhd 2012/06/07.13:53:30 O.61xd
EN work/top 1339066755 FL C:/Projects/Trenz/FX2_vcom/vcom-TE0300/src/top.vhd \
      PB ieee/std_logic_1164 1308643377 PB ieee/std_logic_arith 1308643378 \
      PB ieee/STD_LOGIC_UNSIGNED 1308643379
AR work/top/Behavioral 1339066756 \
      FL C:/Projects/Trenz/FX2_vcom/vcom-TE0300/src/top.vhd EN work/top 1339066755
