
**** Build of configuration Debug for project demo ****

make all 
Building file: ../src/main.c
Invoking: MicroBlaze gcc compiler
mb-gcc -Wall -O0 -g3 -c -fmessage-length=0 -I../../standalone_bsp_0/microblaze_0/include -mxl-pattern-compare -mcpu=v7.30.b -mno-xl-soft-mul -MMD -MP -MF"src/main.d" -MT"src/main.d" -o"src/main.o" "../src/main.c"
In file included from ../src/Interrupts.h:29,
                 from ../src/main.c:23:
../../standalone_bsp_0/microblaze_0/include/xps_npi_dma.h:227:1: warning: multi-line comment
../../standalone_bsp_0/microblaze_0/include/xps_npi_dma.h:229:1: warning: multi-line comment
../../standalone_bsp_0/microblaze_0/include/xps_npi_dma.h:231:1: warning: multi-line comment
../../standalone_bsp_0/microblaze_0/include/xps_npi_dma.h:233:1: warning: multi-line comment
../../standalone_bsp_0/microblaze_0/include/xps_npi_dma.h:235:1: warning: multi-line comment
../../standalone_bsp_0/microblaze_0/include/xps_npi_dma.h:237:1: warning: multi-line comment
../../standalone_bsp_0/microblaze_0/include/xps_npi_dma.h:240:1: warning: multi-line comment
../../standalone_bsp_0/microblaze_0/include/xps_npi_dma.h:242:1: warning: multi-line comment
../../standalone_bsp_0/microblaze_0/include/xps_npi_dma.h:244:1: warning: multi-line comment
../../standalone_bsp_0/microblaze_0/include/xps_npi_dma.h:246:1: warning: multi-line comment
../../standalone_bsp_0/microblaze_0/include/xps_npi_dma.h:248:1: warning: multi-line comment
../../standalone_bsp_0/microblaze_0/include/xps_npi_dma.h:250:1: warning: multi-line comment
Finished building: ../src/main.c
' '
Building target: demo.elf
Invoking: MicroBlaze gcc linker
mb-gcc -Wl,-T -Wl,../src/lscript.ld -L../../standalone_bsp_0/microblaze_0/lib -mxl-pattern-compare -mcpu=v7.30.b -mno-xl-soft-mul -o"demo.elf"  ./src/control_fifo.o ./src/func.o ./src/interrupts.o ./src/main.o   
Finished building target: demo.elf
' '
Invoking: MicroBlaze Print Size
mb-size demo.elf  |tee "demo.elf.size"
   text	   data	    bss	    dec	    hex	filename
  13486	    368	   2322	  16176	   3f30	demo.elf
Finished building: demo.elf.size
' '
Invoking: Xilinx ELF Check
elfcheck demo.elf -hw ../../reference-TE0300_hw_platform/system.xml -pe microblaze_0  |tee "demo.elf.elfcheck"
elfcheck
Xilinx EDK 13.3 Build EDK_O.76xd
Copyright (c) 1995-2011 Xilinx, Inc.  All rights reserved.

Command Line: elfcheck -hw ../../reference-TE0300_hw_platform/system.xml -pe
microblaze_0 demo.elf 

ELF file	: demo.elf
elfcheck passed.
Finished building: demo.elf.elfcheck
' '
